error[E0277]: the trait bound `unsafe extern "C" fn(i32, u32) -> u32 {foo}: std::ops::Fn<(proc_macro::TokenStream,)>` is not satisfied
  --> $DIR/signature.rs:17:1
   |
LL | / pub unsafe extern fn foo(a: i32, b: u32) -> u32 {
LL | |     //~^ ERROR: trait bound
LL | |     loop {}
LL | | }
   | |_^ the trait `std::ops::Fn<(proc_macro::TokenStream,)>` is not implemented for `unsafe extern "C" fn(i32, u32) -> u32 {foo}`
   |
   = note: required by `proc_macro::bridge::Expand1::new`

error: aborting due to previous error

For more information about this error, try `rustc --explain E0277`.
